00:00 +0: loading C:/Users/roman/Documents/apppklod/permacalendarv2/test/features/garden/providers/garden_deletion_test.dart
00:00 +0: Garden Deletion Integration Test Deleting a garden should remove it from Active, Filters, and Export Scope
[GardenBoxes] harvests box opened: harvests
[GardenHiveRepository] Erreur lors de la Création: GardenHiveException: Erreur lors de la récupération des jardins: Exception: Garden Hive box n'est pas initialisée
00:00 +0 -1: Garden Deletion Integration Test Deleting a garden should remove it from Active, Filters, and Export Scope [E]
  Expected: <1>
    Actual: <0>
  
  package:matcher                                                expect
  package:flutter_test/src/widget_tester.dart 473:18             expect
  test\features\garden\providers\garden_deletion_test.dart 58:7  main.<fn>.<fn>
  
00:00 +0 -1: Some tests failed.
